------------------------------------------------------------
TimeQuest Timing Analyzer Summary
------------------------------------------------------------

Type  : Slow 1200mV 85C Model Setup 'u0|altpll_0|sd1|pll7|clk[1]'
Slack : 15.878
TNS   : 0.000

Type  : Slow 1200mV 85C Model Hold 'u0|altpll_0|sd1|pll7|clk[1]'
Slack : -1.967
TNS   : -3.934

Type  : Slow 1200mV 85C Model Recovery 'u0|altpll_0|sd1|pll7|clk[1]'
Slack : 15.353
TNS   : 0.000

Type  : Slow 1200mV 85C Model Removal 'u0|altpll_0|sd1|pll7|clk[1]'
Slack : 3.628
TNS   : 0.000

Type  : Slow 1200mV 85C Model Minimum Pulse Width 'clock_in'
Slack : 9.654
TNS   : 0.000

Type  : Slow 1200mV 85C Model Minimum Pulse Width 'u0|altpll_0|sd1|pll7|clk[1]'
Slack : 499.718
TNS   : 0.000

Type  : Slow 1200mV 85C Model Minimum Pulse Width 'u0|altpll_0|sd1|pll7|clk[0]'
Slack : 49999.960
TNS   : 0.000

Type  : Slow 1200mV 0C Model Setup 'u0|altpll_0|sd1|pll7|clk[1]'
Slack : 16.327
TNS   : 0.000

Type  : Slow 1200mV 0C Model Hold 'u0|altpll_0|sd1|pll7|clk[1]'
Slack : -1.777
TNS   : -3.554

Type  : Slow 1200mV 0C Model Recovery 'u0|altpll_0|sd1|pll7|clk[1]'
Slack : 15.806
TNS   : 0.000

Type  : Slow 1200mV 0C Model Removal 'u0|altpll_0|sd1|pll7|clk[1]'
Slack : 3.187
TNS   : 0.000

Type  : Slow 1200mV 0C Model Minimum Pulse Width 'clock_in'
Slack : 9.597
TNS   : 0.000

Type  : Slow 1200mV 0C Model Minimum Pulse Width 'u0|altpll_0|sd1|pll7|clk[1]'
Slack : 499.715
TNS   : 0.000

Type  : Slow 1200mV 0C Model Minimum Pulse Width 'u0|altpll_0|sd1|pll7|clk[0]'
Slack : 49999.962
TNS   : 0.000

Type  : Fast 1200mV 0C Model Setup 'u0|altpll_0|sd1|pll7|clk[1]'
Slack : 18.030
TNS   : 0.000

Type  : Fast 1200mV 0C Model Hold 'u0|altpll_0|sd1|pll7|clk[1]'
Slack : -0.951
TNS   : -1.902

Type  : Fast 1200mV 0C Model Recovery 'u0|altpll_0|sd1|pll7|clk[1]'
Slack : 17.733
TNS   : 0.000

Type  : Fast 1200mV 0C Model Removal 'u0|altpll_0|sd1|pll7|clk[1]'
Slack : 1.661
TNS   : 0.000

Type  : Fast 1200mV 0C Model Minimum Pulse Width 'clock_in'
Slack : 9.473
TNS   : 0.000

Type  : Fast 1200mV 0C Model Minimum Pulse Width 'u0|altpll_0|sd1|pll7|clk[1]'
Slack : 499.797
TNS   : 0.000

Type  : Fast 1200mV 0C Model Minimum Pulse Width 'u0|altpll_0|sd1|pll7|clk[0]'
Slack : 49999.973
TNS   : 0.000

------------------------------------------------------------
